x = 1.
y = 1..
z = ç
w = @
a = 123
b = 45.67
